---
source: rs/macros/core/tests/gservice.rs
expression: result
---
impl SomeService {
    #[export(route = "DoSomething", unwrap_result)]
    pub async fn do_this(
        &mut self,
        p1: u32,
        p2: String,
    ) -> Result<(u32, String), String> {
        Ok((p1, p2))
    }
    pub fn this(&self, p1: bool) -> bool {
        p1
    }
}
pub struct SomeServiceExposure<T> {
    message_id: sails_rs::MessageId,
    route: &'static [u8],
    #[cfg(not(target_arch = "wasm32"))]
    inner: Box<T>,
    #[cfg(not(target_arch = "wasm32"))]
    inner_ptr: *const T,
    #[cfg(target_arch = "wasm32")]
    inner: T,
}
impl SomeServiceExposure<SomeService> {
    pub async fn do_this(
        &mut self,
        p1: u32,
        p2: String,
    ) -> Result<(u32, String), String> {
        let exposure_scope = sails_rs::gstd::services::ExposureCallScope::new(self);
        self.inner.do_this(p1, p2).await
    }
    pub fn this(&self, p1: bool) -> bool {
        let exposure_scope = sails_rs::gstd::services::ExposureCallScope::new(self);
        self.inner.this(p1)
    }
    pub async fn try_handle(&mut self, input: &[u8]) -> Option<(Vec<u8>, u128)> {
        use sails_rs::gstd::InvocationIo;
        if let Ok(request) = some_service_meta::__DoSomethingParams::decode_params(
            &input,
        ) {
            let result = self.do_this(request.p1, request.p2).await.unwrap();
            let value = 0u128;
            let output = some_service_meta::__DoSomethingParams::encode_reply(&result);
            return Some((output, value));
        }
        if let Ok(request) = some_service_meta::__ThisParams::decode_params(&input) {
            let result = self.this(request.p1);
            let value = 0u128;
            let output = some_service_meta::__ThisParams::encode_reply(&result);
            return Some((output, value));
        }
        None
    }
}
impl sails_rs::gstd::services::Exposure for SomeServiceExposure<SomeService> {
    fn message_id(&self) -> sails_rs::MessageId {
        self.message_id
    }
    fn route(&self) -> &'static [u8] {
        self.route
    }
}
impl sails_rs::gstd::services::Service for SomeService {
    type Exposure = SomeServiceExposure<SomeService>;
    fn expose(
        self,
        message_id: sails_rs::MessageId,
        route: &'static [u8],
    ) -> Self::Exposure {
        #[cfg(not(target_arch = "wasm32"))]
        let inner_box = Box::new(self);
        #[cfg(not(target_arch = "wasm32"))]
        let inner = inner_box.as_ref();
        #[cfg(target_arch = "wasm32")]
        let inner = &self;
        Self::Exposure {
            message_id,
            route,
            #[cfg(not(target_arch = "wasm32"))]
            inner_ptr: inner_box.as_ref() as *const Self,
            #[cfg(not(target_arch = "wasm32"))]
            inner: inner_box,
            #[cfg(target_arch = "wasm32")]
            inner: self,
        }
    }
}
impl sails_rs::meta::ServiceMeta for SomeService {
    type CommandsMeta = some_service_meta::CommandsMeta;
    type QueriesMeta = some_service_meta::QueriesMeta;
    type EventsMeta = some_service_meta::EventsMeta;
    const BASE_SERVICES: &'static [fn() -> sails_rs::meta::AnyServiceMeta] = &[];
}
mod some_service_meta {
    use super::*;
    use sails_rs::{Decode, TypeInfo};
    #[derive(Decode, TypeInfo)]
    #[codec(crate = sails_rs::scale_codec)]
    #[scale_info(crate = sails_rs::scale_info)]
    pub struct __DoSomethingParams {
        pub(super) p1: u32,
        pub(super) p2: String,
    }
    impl sails_rs::gstd::InvocationIo for __DoSomethingParams {
        const ROUTE: &'static [u8] = &[
            44u8,
            68u8,
            111u8,
            83u8,
            111u8,
            109u8,
            101u8,
            116u8,
            104u8,
            105u8,
            110u8,
            103u8,
        ];
        type Params = Self;
    }
    #[derive(Decode, TypeInfo)]
    #[codec(crate = sails_rs::scale_codec)]
    #[scale_info(crate = sails_rs::scale_info)]
    pub struct __ThisParams {
        pub(super) p1: bool,
    }
    impl sails_rs::gstd::InvocationIo for __ThisParams {
        const ROUTE: &'static [u8] = &[16u8, 84u8, 104u8, 105u8, 115u8];
        type Params = Self;
    }
    #[derive(TypeInfo)]
    #[scale_info(crate = sails_rs::scale_info)]
    pub enum CommandsMeta {
        DoSomething(__DoSomethingParams, (u32, String)),
    }
    #[derive(TypeInfo)]
    #[scale_info(crate = sails_rs::scale_info)]
    pub enum QueriesMeta {
        This(__ThisParams, bool),
    }
    #[derive(TypeInfo)]
    #[scale_info(crate = sails_rs::scale_info)]
    pub enum NoEvents {}
    pub type EventsMeta = NoEvents;
}
