---
source: rs/macros/core/tests/gservice.rs
expression: result
---
impl<'a, 'b, T, U> SomeService<'a, 'b, T, U>
where
    T: Clone,
    U: Iterator<Item = u32>,
{
    pub fn do_this(&mut self) -> u32 {
        42
    }
}
pub struct Exposure<T> {
    message_id: sails_rs::MessageId,
    route: &'static [u8],
    #[cfg(not(target_arch = "wasm32"))]
    inner: Box<T>,
    #[cfg(not(target_arch = "wasm32"))]
    inner_ptr: *const T,
    #[cfg(target_arch = "wasm32")]
    inner: T,
}
impl<'a, 'b, T, U> Exposure<SomeService<'a, 'b, T, U>>
where
    T: Clone,
    U: Iterator<Item = u32>,
{
    pub fn do_this(&mut self) -> u32 {
        let exposure_scope = sails_rs::gstd::services::ExposureCallScope::new(self);
        self.inner.do_this()
    }
    pub async fn handle(&mut self, input: &[u8]) -> Vec<u8> {
        self.try_handle(input)
            .await
            .unwrap_or_else(|| {
                {
                    let mut __input = input;
                    let input = String::decode(&mut __input)
                        .unwrap_or_else(|_| {
                            if input.len() <= 8 {
                                format!("0x{}", sails_rs::hex::encode(input))
                            } else {
                                format!(
                                    "0x{}..{}", sails_rs::hex::encode(& input[..4]),
                                    sails_rs::hex::encode(& input[input.len() - 4..])
                                )
                            }
                        });
                    panic!("Unknown request: {}", input)
                }
            })
    }
    pub async fn try_handle(&mut self, input: &[u8]) -> Option<Vec<u8>> {
        if input.starts_with(&[24u8, 68u8, 111u8, 84u8, 104u8, 105u8, 115u8]) {
            let output = self.__do_this(&input[7usize..]).await;
            static INVOCATION_ROUTE: [u8; 7usize] = [
                24u8,
                68u8,
                111u8,
                84u8,
                104u8,
                105u8,
                115u8,
            ];
            return Some([INVOCATION_ROUTE.as_ref(), &output].concat());
        }
        None
    }
    async fn __do_this(&mut self, mut input: &[u8]) -> Vec<u8> {
        let request = __DoThisParams::decode(&mut input)
            .expect("Failed to decode request");
        let result = self.do_this();
        return result.encode();
    }
}
impl<'a, 'b, T, U> sails_rs::gstd::services::Exposure
for Exposure<SomeService<'a, 'b, T, U>>
where
    T: Clone,
    U: Iterator<Item = u32>,
{
    fn message_id(&self) -> sails_rs::MessageId {
        self.message_id
    }
    fn route(&self) -> &'static [u8] {
        self.route
    }
}
impl<'a, 'b, T, U> sails_rs::gstd::services::Service for SomeService<'a, 'b, T, U>
where
    T: Clone,
    U: Iterator<Item = u32>,
{
    type Exposure = Exposure<SomeService<'a, 'b, T, U>>;
    fn expose(
        self,
        message_id: sails_rs::MessageId,
        route: &'static [u8],
    ) -> Self::Exposure {
        #[cfg(not(target_arch = "wasm32"))]
        let inner_box = Box::new(self);
        #[cfg(not(target_arch = "wasm32"))]
        let inner = inner_box.as_ref();
        #[cfg(target_arch = "wasm32")]
        let inner = &self;
        Self::Exposure {
            message_id,
            route,
            #[cfg(not(target_arch = "wasm32"))]
            inner_ptr: inner_box.as_ref() as *const Self,
            #[cfg(not(target_arch = "wasm32"))]
            inner: inner_box,
            #[cfg(target_arch = "wasm32")]
            inner: self,
        }
    }
}
impl<'a, 'b, T, U> sails_rs::meta::ServiceMeta for SomeService<'a, 'b, T, U>
where
    T: Clone,
    U: Iterator<Item = u32>,
{
    fn commands() -> sails_rs::scale_info::MetaType {
        sails_rs::scale_info::MetaType::new::<meta_in_service::CommandsMeta>()
    }
    fn queries() -> sails_rs::scale_info::MetaType {
        sails_rs::scale_info::MetaType::new::<meta_in_service::QueriesMeta>()
    }
    fn events() -> sails_rs::scale_info::MetaType {
        sails_rs::scale_info::MetaType::new::<meta_in_service::EventsMeta>()
    }
    fn base_services() -> impl Iterator<Item = sails_rs::meta::AnyServiceMeta> {
        [].into_iter()
    }
}
use sails_rs::Decode as __ServiceDecode;
use sails_rs::Encode as __ServiceEncode;
use sails_rs::TypeInfo as __ServiceTypeInfo;
#[derive(__ServiceDecode, __ServiceTypeInfo)]
#[codec(crate = sails_rs::scale_codec)]
#[scale_info(crate = sails_rs::scale_info)]
pub struct __DoThisParams {}
mod meta_in_service {
    use super::*;
    #[derive(__ServiceTypeInfo)]
    #[scale_info(crate = sails_rs::scale_info)]
    pub enum CommandsMeta {
        DoThis(__DoThisParams, u32),
    }
    #[derive(__ServiceTypeInfo)]
    #[scale_info(crate = sails_rs::scale_info)]
    pub enum QueriesMeta {}
    #[derive(__ServiceTypeInfo)]
    #[scale_info(crate = sails_rs::scale_info)]
    pub enum NoEvents {}
    pub type EventsMeta = NoEvents;
}
