error: `export` attribute can be applied to public methods only
  --> tests/ui/gservice_fails_export_fn_must_be_public.rs:13:5
   |
13 |     fn this(&self, p1: bool) -> bool {
   |     ^^
