---
source: macros/core/tests/gservice.rs
expression: result
---
impl SomeService {
    pub async fn do_this(&mut self, p1: u32, p2: String) -> u32 {
        p1
    }
    pub fn this(&self, p1: bool) -> bool {
        p1
    }
}
pub struct Exposure<T> {
    message_id: sails_rtl::MessageId,
    route: &'static [u8],
    #[cfg(not(target_arch = "wasm32"))]
    inner: Box<T>,
    #[cfg(not(target_arch = "wasm32"))]
    inner_ptr: *const T,
    #[cfg(target_arch = "wasm32")]
    inner: T,
}
impl Exposure<SomeService> {
    pub async fn do_this(&mut self, p1: u32, p2: String) -> u32 {
        let exposure_scope = sails_rtl::gstd::services::ExposureCallScope::new(self);
        self.inner.do_this(p1, p2).await
    }
    pub fn this(&self, p1: bool) -> bool {
        let exposure_scope = sails_rtl::gstd::services::ExposureCallScope::new(self);
        self.inner.this(p1)
    }
    pub async fn handle(&mut self, input: &[u8]) -> Vec<u8> {
        self.try_handle(input)
            .await
            .unwrap_or_else(|| {
                {
                    let mut __input = input;
                    let input = String::decode(&mut __input)
                        .unwrap_or_else(|_| {
                            if input.len() <= 8 {
                                format!("0x{}", sails_rtl::hex::encode(input))
                            } else {
                                format!(
                                    "0x{}..{}", sails_rtl::hex::encode(& input[..4]),
                                    sails_rtl::hex::encode(& input[input.len() - 4..])
                                )
                            }
                        });
                    panic!("Unknown request: {}", input)
                }
            })
    }
    pub async fn try_handle(&mut self, input: &[u8]) -> Option<Vec<u8>> {
        if input.starts_with(&[24u8, 68u8, 111u8, 84u8, 104u8, 105u8, 115u8]) {
            let output = self.__do_this(&input[7usize..]).await;
            static INVOCATION_ROUTE: [u8; 7usize] = [
                24u8,
                68u8,
                111u8,
                84u8,
                104u8,
                105u8,
                115u8,
            ];
            return Some([INVOCATION_ROUTE.as_ref(), &output].concat());
        }
        if input.starts_with(&[16u8, 84u8, 104u8, 105u8, 115u8]) {
            let output = self.__this(&input[5usize..]).await;
            static INVOCATION_ROUTE: [u8; 5usize] = [16u8, 84u8, 104u8, 105u8, 115u8];
            return Some([INVOCATION_ROUTE.as_ref(), &output].concat());
        }
        None
    }
    async fn __do_this(&mut self, mut input: &[u8]) -> Vec<u8> {
        let request = __DoThisParams::decode(&mut input)
            .expect("Failed to decode request");
        let result = self.do_this(request.p1, request.p2).await;
        return result.encode();
    }
    async fn __this(&self, mut input: &[u8]) -> Vec<u8> {
        let request = __ThisParams::decode(&mut input)
            .expect("Failed to decode request");
        let result = self.this(request.p1);
        return result.encode();
    }
}
impl sails_rtl::gstd::services::Exposure for Exposure<SomeService> {
    fn message_id(&self) -> sails_rtl::MessageId {
        self.message_id
    }
    fn route(&self) -> &'static [u8] {
        self.route
    }
}
impl sails_rtl::gstd::services::Service for SomeService {
    type Exposure = Exposure<SomeService>;
    fn expose(
        self,
        message_id: sails_rtl::MessageId,
        route: &'static [u8],
    ) -> Self::Exposure {
        #[cfg(not(target_arch = "wasm32"))]
        let inner_box = Box::new(self);
        #[cfg(not(target_arch = "wasm32"))]
        let inner = inner_box.as_ref();
        #[cfg(target_arch = "wasm32")]
        let inner = &self;
        Self::Exposure {
            message_id,
            route,
            #[cfg(not(target_arch = "wasm32"))]
            inner_ptr: inner_box.as_ref() as *const Self,
            #[cfg(not(target_arch = "wasm32"))]
            inner: inner_box,
            #[cfg(target_arch = "wasm32")]
            inner: self,
        }
    }
}
impl sails_rtl::meta::ServiceMeta for SomeService {
    fn commands() -> sails_rtl::scale_info::MetaType {
        sails_rtl::scale_info::MetaType::new::<meta::CommandsMeta>()
    }
    fn queries() -> sails_rtl::scale_info::MetaType {
        sails_rtl::scale_info::MetaType::new::<meta::QueriesMeta>()
    }
    fn events() -> sails_rtl::scale_info::MetaType {
        sails_rtl::scale_info::MetaType::new::<meta::EventsMeta>()
    }
    fn base_services() -> impl Iterator<Item = sails_rtl::meta::AnyServiceMeta> {
        [].into_iter()
    }
}
use sails_rtl::Decode as __ServiceDecode;
use sails_rtl::Encode as __ServiceEncode;
use sails_rtl::TypeInfo as __ServiceTypeInfo;
#[derive(__ServiceDecode, __ServiceTypeInfo)]
#[codec(crate = sails_rtl::scale_codec)]
#[scale_info(crate = sails_rtl::scale_info)]
pub struct __DoThisParams {
    p1: u32,
    p2: String,
}
#[derive(__ServiceDecode, __ServiceTypeInfo)]
#[codec(crate = sails_rtl::scale_codec)]
#[scale_info(crate = sails_rtl::scale_info)]
pub struct __ThisParams {
    p1: bool,
}
mod meta {
    use super::*;
    #[derive(__ServiceTypeInfo)]
    #[scale_info(crate = sails_rtl::scale_info)]
    pub enum CommandsMeta {
        DoThis(__DoThisParams, u32),
    }
    #[derive(__ServiceTypeInfo)]
    #[scale_info(crate = sails_rtl::scale_info)]
    pub enum QueriesMeta {
        This(__ThisParams, bool),
    }
    #[derive(__ServiceTypeInfo)]
    #[scale_info(crate = sails_rtl::scale_info)]
    pub enum NoEvents {}
    pub type EventsMeta = NoEvents;
}
