---
source: client-gen/src/generator.rs
expression: generator.generate(program).unwrap()
---
// Code generated by sails-client-gen from test. DO NOT EDIT.
#![automatically_derived]
#![allow(unused)]
use parity_scale_codec::{Encode, Decode};
use sails_client::{Sender, Call};
#[derive(PartialEq, Debug, Encode, Decode)]
pub enum P3Variant  {
One,
Two,
} 
#[derive(PartialEq, Debug, Encode, Decode)]
pub struct ThisThatAppDoThatParam  {
p2: String,
p3: P3Variant,
} 


    #[derive(Default, Clone)]
    pub struct Client {
        program_id: [u8; 32],
    }

    impl Client {

    pub fn new() -> Self {
        Self::default()
    }

    pub fn with_program_id(mut self, program_id: impl Into<[u8; 32]>) -> Self {
        self.program_id = program_id.into();
        self
    }


    
}

