---
source: client-gen/src/lib.rs
expression: generated
---
// Code generated by sails-client-gen. DO NOT EDIT.
use gstd::prelude::*;
use parity_scale_codec::{Decode, Encode};
use sails_sender::{Call, GStdSender};
pub trait Service {
    fn do_this(
        &mut self,
        p1: u32,
        p2: String,
        p3: (Option<String>, u8),
        p4: ThisThatSvcAppTupleStruct,
    ) -> Call<(String, u32)>;
    fn do_that(
        &mut self,
        param: ThisThatSvcAppDoThatParam,
    ) -> Call<Result<(String, u32), (String,)>>;
    fn this(&self, v1: Vec<u16>) -> Call<u32>;
    fn that(&self, v1: ()) -> Call<Result<String, String>>;
}

#[derive(Clone)]
pub struct Client<'a> {
    sender: &'a GStdSender,
}

impl<'a> Client<'a> {
    pub fn new(sender: &'a GStdSender) -> Self {
        Self { sender }
    }
}

impl<'a> Service for Client<'a> {
    fn do_this(
        &mut self,
        p1: u32,
        p2: String,
        p3: (Option<String>, u8),
        p4: ThisThatSvcAppTupleStruct,
    ) -> Call<(String, u32)> {
        Call::new(self.sender, "DoThis", (p1, p2, p3, p4))
    }
    fn do_that(
        &mut self,
        param: ThisThatSvcAppDoThatParam,
    ) -> Call<Result<(String, u32), (String,)>> {
        Call::new(self.sender, "DoThat", param)
    }
    fn this(&self, v1: Vec<u16>) -> Call<u32> {
        Call::new(self.sender, "This", v1)
    }
    fn that(&self, v1: ()) -> Call<Result<String, String>> {
        Call::new(self.sender, "That", v1)
    }
}
#[derive(PartialEq, Debug, Encode, Decode)]
pub struct ThisThatSvcAppTupleStruct(bool);
#[derive(PartialEq, Debug, Encode, Decode)]
pub struct ThisThatSvcAppDoThatParam {
    p1: u32,
    p2: String,
    p3: ThisThatSvcAppManyVariants,
}
#[derive(PartialEq, Debug, Encode, Decode)]
pub enum ThisThatSvcAppManyVariants {
    One,
    Two(u32),
    Three(Option<u32>),
    Four { a: u32, b: Option<u16> },
    Five((String, u32)),
    Six((u32,)),
}
#[derive(PartialEq, Debug, Encode, Decode)]
pub enum T {
    One,
}

